Not Found: /chronicle/t16-dept-a/t16-a-notice/
Not Found: /chronicle/t16-dept-a/t16-a-article/
Not Found: /chronicle/t16-dept-a/t16-a-notice/
Not Found: /events/t16-dept-a/t16-a-event-notice/

========================================================================
A4.3 / M4.3 · T01–T16 越权测试矩阵执行（角色矩阵 §6 权威定义）
========================================================================
  Django 5.2.17 / Wagtail 7.4.2.final.1
  peiligo 载体：/Users/chenjunxian/orca/workspaces/peiligo/a4-3-permission-tests/src/peiligo/__init__.py
  数据库：peiligo_m4_t16（自建 scratch 库；正式四库零触碰）
跳过 /chronicle/：板块页「校园纪事」已存在（幂等）。
跳过 /events/：板块页「校园活动」已存在（幂等）。
跳过 /materials/：板块页「学习资料」已存在（幂等）。
跳过 /software/：板块页「软件与工具」已存在（幂等）。
跳过 /guide/：板块页「校园指南」已存在（幂等）。
完成：新建 0，跳过 5，五板块就位 5/5。
  [INFO] OQ1 双钩子只拒绝守卫已安装（before_delete_page + before_bulk_action）
  [INFO] 清理上一轮 t16- 前缀对象 …
  [INFO] 按矩阵 §3 机制播种场景（组/容器/GPP/GCP/三账号）…

========================================================================
T01 · 正向 · 部门 A 在本部门容器创建六类内容页
========================================================================
  [PASS] T01 · 创建 noticepage@chronicle 成功（草稿） —— HTTP 302
  [PASS] T01 · t16-a-notice owner=A（add 附带 ownership） —— owner_id=38
  [PASS] T01 · t16-a-notice 修订历史记录创建者与时间 —— rev#144 user_id=38 at=2026-08-27 07:41:49.827981+00:00
  [PASS] T01 · 创建 noticepage@events 成功（草稿） —— HTTP 302
  [PASS] T01 · t16-a-event-notice owner=A（add 附带 ownership） —— owner_id=38
  [PASS] T01 · t16-a-event-notice 修订历史记录创建者与时间 —— rev#145 user_id=38 at=2026-08-27 07:41:49.890909+00:00
  [PASS] T01 · 创建 articlepage@chronicle 成功（草稿） —— HTTP 302
  [PASS] T01 · t16-a-article owner=A（add 附带 ownership） —— owner_id=38
  [PASS] T01 · t16-a-article 修订历史记录创建者与时间 —— rev#146 user_id=38 at=2026-08-27 07:41:49.950909+00:00
  [PASS] T01 · 创建 materialpage@materials 成功（草稿） —— HTTP 302
  [PASS] T01 · t16-a-material owner=A（add 附带 ownership） —— owner_id=38
  [PASS] T01 · t16-a-material 修订历史记录创建者与时间 —— rev#147 user_id=38 at=2026-08-27 07:41:50.017327+00:00
  [PASS] T01 · 创建 softwaretoolpage@software 成功（草稿） —— HTTP 302
  [PASS] T01 · t16-a-software owner=A（add 附带 ownership） —— owner_id=38
  [PASS] T01 · t16-a-software 修订历史记录创建者与时间 —— rev#148 user_id=38 at=2026-08-27 07:41:50.104452+00:00
  [PASS] T01 · 创建 guidepage@guide 成功（草稿） —— HTTP 302
  [PASS] T01 · t16-a-guide owner=A（add 附带 ownership） —— owner_id=38
  [PASS] T01 · t16-a-guide 修订历史记录创建者与时间 —— rev#149 user_id=38 at=2026-08-27 07:41:50.157505+00:00
  [PASS] T01 · 草稿 t16-a-notice 前台 404（N13） —— anon GET 前台 URL
  [PASS] T01 · 草稿 t16-a-article 前台 404（N13） —— anon GET 前台 URL
  [PASS] T01 · 草稿不入默认搜索（N13） —— needle=slug（查询词回显不构成命中）

========================================================================
T02 · 正向 · 部门 A 编辑自己页面与总管理员代建页
========================================================================
  [PASS] T02 · A 编辑自己页面成功（新修订落库＋受控标签选用） —— HTTP 302，修订 1->2
  [PASS] T02 · 修订记录操作者与时间（PRD §5） —— rev#150 user_id=38 at=2026-08-27 07:41:50.389545+00:00
  [PASS] T02 · A 编辑总管理员代建页成功（edit 覆盖子树内任意归属） —— HTTP 302，修订 1->2

========================================================================
T03 · 正向 · A 发布/下线自己页面（无审批；前台与默认搜索可见性）
========================================================================
  [PASS] T03 · A 发布自己页面成功（无需审批，M-A5） —— HTTP 302，live=True
  [PASS] T03 · 发布动作在 PageLogEntry 留痕（操作者/时间） —— action=wagtail.publish，user=A
  [PASS] T03 · 发布后前台 200 —— GET /chronicle/t16-dept-a/t16-a-notice/
  [PASS] T03 · 发布后默认搜索命中 —— needle=slug（结果链接出现）
  [PASS] T03 · A 下线自己页面成功（内容与修订保留，M-A6） —— HTTP 302，live=False，修订数=3
  [PASS] T03 · 下线后前台 404（N13） —— GET /chronicle/t16-dept-a/t16-a-notice/
  [PASS] T03 · 下线后默认搜索不再出现（N13） —— needle=slug（结果链接消失）

========================================================================
T04 · 正向 · 通知到期自动归档（publish_scheduled）
========================================================================
  [PASS] T04 · 前置：活动通知已发布 —— live=True
  [PASS] T04 · publish_scheduled 后通知转为 expired（M-A7） —— live=False，expired=True
  [PASS] T04 · 前台 404（退出前台，N13） —— GET /events/t16-dept-a/t16-a-event-notice/
  [PASS] T04 · 默认搜索不再出现（N13） —— needle=slug（结果链接消失）
  [PASS] T04 · 内容与修订保留在库 —— 页面在库，修订数=2（前=2）
  [PASS] T04 · 部门账号仍可在后台查看（M-A1） —— A GET 编辑表单

========================================================================
T05 · 越权 · A 向部门 B 容器直接 POST 创建
========================================================================
  [PASS] T05 · A GET B 容器（学习资料）创建表单被拒 —— HTTP 302（非 200）+ 零库变更
  [PASS] T05 · A POST 向 B 容器创建 MaterialPage 被拒（零库变更） —— HTTP 302，零库变更（含修订/日志/树结构）
  [PASS] T05 · B 子树无越权新增页面（slug 不存在） —— slug=t16-b-hijack 不存在

========================================================================
T06 · 越权 · A 直接 POST 编辑 B 已发布页面
========================================================================
  [PASS] T06 · A GET B 页面编辑表单被拒（后台入口即拒） —— HTTP 302（非 200）+ 零库变更
  [PASS] T06 · A POST 编辑 B 页面被拒（title/修订/日志零变更） —— HTTP 302，零库变更（含修订/日志/树结构）
  [PASS] T06 · B 页面内容与修订历史零变更（PRD §23 场景 1） —— title='T16唯一·B部门已发布通知'，live=True

========================================================================
T07 · 越权 · A 横向发布 B 草稿与下线 B 已发布页
========================================================================
  [PASS] T07 · A 经 action-publish 发布 B 草稿被拒（零库变更） —— HTTP 302，零库变更（含修订/日志/树结构）
  [PASS] T07 · B 草稿保持草稿（live/expired 零变更） —— live=False，expired=False
  [PASS] T07 · A 下线 B 已发布页被拒（零库变更） —— HTTP 302，零库变更（含修订/日志/树结构）
  [PASS] T07 · B 页保持 live（状态零变更） —— live=True，expired=False

========================================================================
T08 · 越权 · A 永久删除自己拥有的页面（单条+批量双路径）
========================================================================
  [PASS] T08 · 单条路径被双钩子守卫拦截（before_delete_page）且零库变更 —— HTTP 302，页面仍在，零库变更（含修订与日志）
  [PASS] T08 · 批量路径被守卫拦截（before_bulk_action）且零库变更 —— HTTP 302，两页均在，零库变更（含修订与日志）

========================================================================
T09 · 越权 · A 跨部门删除/移动容器/删除板块页（含 P4 两路径探测）
========================================================================
  [PASS] T09 · A 删除 B 页面被拒（零库变更） —— HTTP 302，零库变更（含修订/日志/树结构）
  [PASS] T09 · A 删除 B 容器被拒（零库变更） —— HTTP 302，零库变更（含修订/日志/树结构）
  [PASS] T09 · A 删除板块页（校园活动）被拒（零库变更） —— HTTP 302，零库变更（含修订/日志/树结构）
  [PASS] T09 · A 移动 B 容器：选目标步骤被拒（can_move=can_delete 对外部门为零） —— HTTP 302，零库变更（含修订/日志/树结构）
  [PASS] T09 · A 直达 move_confirm 移动 B 容器被拒（动作层权限复检） —— HTTP 302，零库变更（含修订/日志/树结构）
  [PASS] T09 · 树结构零变更（path/depth/numchild 全不变） —— 全部拒绝断言快照含 path/depth/numchild，diff 均为空

========================================================================
P4 探测 · 已知两路径（非递归复制 SectionPage / page.move() 绕 hook）
========================================================================
  [PASS] P4 · P4-a A 非递归复制板块页（改 slug 造伪板块）被拒 —— HTTP 302，零库变更（含修订/日志/树结构）
  [PASS] P4 · P4-a 结论：部门账号不可达复制面 → 不构成部门越权（总管理员侧 IA 治理项留档） —— can_copy()=can_edit() 对板块页为 False；伪板块仅总管理员可造（A3.1 留档原口径）
  [PASS] P4 · P4-b1 A 批量移动自己页面到 B 容器被拒（can_move_to 复检 add 权限） —— HTTP 200，零库变更（含修订/日志/树结构）
  [PASS] P4 · P4-b2 A 批量移动自己页面到板块页被拒 —— HTTP 200，零库变更（含修订/日志/树结构）
  [PASS] P4 · P4-b3 批量移动绕过 before_move_page（§7.2 复检被跳过）——复现留档 —— 违约详情：{'event_start_at': ['校园活动板块下活动必须填写开始时间'], 'event_location': ['线下活动必须填写活动地点']}；单页动线同操作被既有钩子拒（下方对照）
  [PASS] P4 · P4-b3 探测后树结构/重定向面已还原（页面字段+计数+redirects 全等） —— pages/counts/redirects 全等；page_log +2（两次 move 的探测留痕，预期内）
  [PASS] P4 · P4-b3 对照：同一移动单页动线被 before_move_page 拒（§7.2 复检生效） —— HTTP 302，零库变更
  [PASS] P4 · P4 总结论：两路径均未构成部门账号越权（b3 为内容模型完整性绕过，另行留档） —— a=不可达；b1/b2=权限层拒；b3=hook 绕过但目标在自有授权容器内（非权限边界突破）

========================================================================
T10 · 越权 · A 对治理类 Snippet 全零权限（含 FeaturedItem）
========================================================================
  [PASS] T10 · A GET 部门词表列表被拒 —— HTTP 302（非 200）+ 零库变更
  [PASS] T10 · A GET 部门词表新建表单被拒 —— HTTP 302（非 200）+ 零库变更
  [PASS] T10 · A POST 新建部门词表被拒（零库变更） —— HTTP 302，零库变更（含修订/日志/树结构）
  [PASS] T10 · A GET 编辑部门词表既有项被拒 —— HTTP 302（非 200）+ 零库变更
  [PASS] T10 · A POST 改部门词表既有项被拒 —— HTTP 302，零库变更（含修订/日志/树结构）
  [PASS] T10 · A POST 删部门词表既有项被拒 —— HTTP 302，零库变更（含修订/日志/树结构）
  [PASS] T10 · A GET 受控标签列表被拒 —— HTTP 302（非 200）+ 零库变更
  [PASS] T10 · A GET 受控标签新建表单被拒 —— HTTP 302（非 200）+ 零库变更
  [PASS] T10 · A POST 新建受控标签被拒（零库变更） —— HTTP 302，零库变更（含修订/日志/树结构）
  [PASS] T10 · A GET 编辑受控标签既有项被拒 —— HTTP 302（非 200）+ 零库变更
  [PASS] T10 · A POST 改受控标签既有项被拒 —— HTTP 302，零库变更（含修订/日志/树结构）
  [PASS] T10 · A POST 删受控标签既有项被拒 —— HTTP 302，零库变更（含修订/日志/树结构）
  [PASS] T10 · A GET 学科词表列表被拒 —— HTTP 302（非 200）+ 零库变更
  [PASS] T10 · A GET 学科词表新建表单被拒 —— HTTP 302（非 200）+ 零库变更
  [PASS] T10 · A POST 新建学科词表被拒（零库变更） —— HTTP 302，零库变更（含修订/日志/树结构）
  [PASS] T10 · A GET 编辑学科词表既有项被拒 —— HTTP 302（非 200）+ 零库变更
  [PASS] T10 · A POST 改学科词表既有项被拒 —— HTTP 302，零库变更（含修订/日志/树结构）
  [PASS] T10 · A POST 删学科词表既有项被拒 —— HTTP 302，零库变更（含修订/日志/树结构）
  [PASS] T10 · A GET 资料类型词表列表被拒 —— HTTP 302（非 200）+ 零库变更
  [PASS] T10 · A GET 资料类型词表新建表单被拒 —— HTTP 302（非 200）+ 零库变更
  [PASS] T10 · A POST 新建资料类型词表被拒（零库变更） —— HTTP 302，零库变更（含修订/日志/树结构）
  [PASS] T10 · A GET 编辑资料类型词表既有项被拒 —— HTTP 302（非 200）+ 零库变更
  [PASS] T10 · A POST 改资料类型词表既有项被拒 —— HTTP 302，零库变更（含修订/日志/树结构）
  [PASS] T10 · A POST 删资料类型词表既有项被拒 —— HTTP 302，零库变更（含修订/日志/树结构）
  [PASS] T10 · A GET 适用平台词表列表被拒 —— HTTP 302（非 200）+ 零库变更
  [PASS] T10 · A GET 适用平台词表新建表单被拒 —— HTTP 302（非 200）+ 零库变更
  [PASS] T10 · A POST 新建适用平台词表被拒（零库变更） —— HTTP 302，零库变更（含修订/日志/树结构）
  [PASS] T10 · A GET 编辑适用平台词表既有项被拒 —— HTTP 302（非 200）+ 零库变更
  [PASS] T10 · A POST 改适用平台词表既有项被拒 —— HTTP 302，零库变更（含修订/日志/树结构）
  [PASS] T10 · A POST 删适用平台词表既有项被拒 —— HTTP 302，零库变更（含修订/日志/树结构）
  [PASS] T10 · A GET 指南类别词表列表被拒 —— HTTP 302（非 200）+ 零库变更
  [PASS] T10 · A GET 指南类别词表新建表单被拒 —— HTTP 302（非 200）+ 零库变更
  [PASS] T10 · A POST 新建指南类别词表被拒（零库变更） —— HTTP 302，零库变更（含修订/日志/树结构）
  [PASS] T10 · A GET 编辑指南类别词表既有项被拒 —— HTTP 302（非 200）+ 零库变更
  [PASS] T10 · A POST 改指南类别词表既有项被拒 —— HTTP 302，零库变更（含修订/日志/树结构）
  [PASS] T10 · A POST 删指南类别词表既有项被拒 —— HTTP 302，零库变更（含修订/日志/树结构）
  [PASS] T10 · A GET 推荐位列表被拒 —— HTTP 302（非 200）+ 零库变更
  [PASS] T10 · A GET 推荐位新建表单被拒 —— HTTP 302（非 200）+ 零库变更
  [PASS] T10 · A POST 新建推荐位（置顶）被拒（N06） —— HTTP 302，零库变更（含修订/日志/树结构）
  [PASS] T10 · A POST 改既有推荐位被拒 —— HTTP 302，零库变更（含修订/日志/树结构）
  [PASS] T10 · A POST 删既有推荐位被拒 —— HTTP 302，零库变更（含修订/日志/树结构）

========================================================================
T11 · 越权 · A 构造 URL 直达站点设置
========================================================================
  [PASS] T11 · A GET 设置编辑 URL 被拒 —— HTTP 302（非 200）+ 零库变更
  [PASS] T11 · A POST 改紧急提示与反馈邮箱被拒（设置值零变更，N03） —— HTTP 302，零库变更（含修订/日志/树结构）

========================================================================
T12 · 越权 · A 构造 URL 直达用户/组管理（含自我提权尝试）
========================================================================
  [PASS] T12 · A GET 用户列表被拒 —— HTTP 302（非 200）+ 零库变更
  [PASS] T12 · A POST 新建用户被拒（用户数零变更） —— HTTP 302，零库变更（含修订/日志/树结构）
  [PASS] T12 · A GET 编辑自己用户档案被拒 —— HTTP 302（非 200）+ 零库变更Not Found: /admin/collections/19/delete/
Not Found: /chronicle/t16-dept-b/t16-b-live/
Not Found: /software/t16-dept-a/t16-a-software/
Not Found: /chronicle/t16-dept-a/t16-a-notice/
Not Found: /events/t16-dept-a/t16-a-event-notice/
Not Found: /chronicle/t16-dept-b/

  [PASS] T12 · A POST 把自己加入总管理员组被拒（组归属零变更） —— HTTP 302，零库变更（含修订/日志/树结构）
  [PASS] T12 · A 的组归属零变更（仍恰在部门组） —— groups=['t16-dept-a']
  [PASS] T12 · A GET 编辑部门组（提权面）被拒 —— HTTP 302（非 200）+ 零库变更
  [PASS] T12 · A POST 改部门组权限挂载被拒（GPP 零变更） —— HTTP 302，零库变更（含修订/日志/树结构）
  [PASS] T12 · A GET 编辑总管理员组被拒 —— HTTP 302（非 200）+ 零库变更

========================================================================
T13 · 媒体集合边界 · A 本部门集合可传，他部门集合与集合治理全拒
========================================================================
  [PASS] T13 · A 向本部门集合上传图片成功（M-F1） —— HTTP 302，collection=18
  [PASS] T13 · A 构造 POST 向 B 集合上传：B 集合与素材零变更（N08） —— HTTP 302；请求 collection=19（B）未被服务端采纳，新增 1 项素材全部落回集合 A（唯一授权集合）
  [PASS] T13 · A 编辑 B 集合内素材被拒（零库变更） —— HTTP 302，零库变更（含修订/日志/树结构）
  [PASS] T13 · A POST 新建集合被拒 —— HTTP 302，零库变更（含修订/日志/树结构）
  [PASS] T13 · A POST 改名/移动 B 集合被拒 —— HTTP 302，零库变更（含修订/日志/树结构）
  [PASS] T13 · A POST 删除 B 集合被拒 —— HTTP 404，零库变更（含修订/日志/树结构）
  [PASS] T13 · 集合结构与素材零变更（快照含 images/gcp/collection 计数） —— 上述各条拒绝断言快照 diff 均为空

========================================================================
T14 · 正向 · 总管理员（组权限，非 superuser）工厂面
========================================================================
  [PASS] T14 · 总管理员登录后台 200（is_superuser=False，纯组权限） —— GET /admin/
  [PASS] T14 · ① 创建部门岗位账号成功 —— HTTP 302
  [PASS] T14 · ① 用户操作留痕＝记录性核查：wagtailusers 无 DB 级用户审计日志 —— LogEntry 0 条；Wagtail 7.4.2 用户增删改仅走 Python logging——审计缺口留报告修订建议
  [PASS] T14 · ① 停用账号成功（is_active=False） —— HTTP 302，is_active=False
  [PASS] T14 · ① 重置密码后新凭据可登录（重置生效） —— HTTP 302
  [PASS] T14 · ① 强制改密机制＝记录性核查：Wagtail 7.4.2 核心无首登强制改密开关 —— 落 M4 正式实现清单（ Django auth 密码过期/自定义 Miniprogram 外机制需后续批次裁决）
  [PASS] T14 · ② 新建 Department 词表项成功 —— HTTP 302
  [PASS] T14 · ② 板块下建对应容器成功（M-C2） —— HTTP 302，slug=t16-dept-c
  [PASS] T14 · ③ 新增学科词表项成功 —— HTTP 302
  [PASS] T14 · ③ 新增资料类型词表项成功 —— HTTP 302
  [PASS] T14 · ③ 新增适用平台词表项成功 —— HTTP 302
  [PASS] T14 · ③ 新增指南类别词表项成功 —— HTTP 302
  [PASS] T14 · ④ 新建 FeaturedItem 成功（起止窗口＋启用） —— HTTP 302，FeaturedItem 总数=2（含种子 1 条）
  [PASS] T14 · ④ 置顶生效窗口＝起止时间字段值（PRD §9） —— start=2026-09-01 09:00:00+00:00，end=2026-10-01 09:00:00+00:00，enabled=True
  [PASS] T14 · ⑤ 改 SiteSettings 紧急提示成功 —— HTTP 302
  [PASS] T14 · ⑥ 管理员在部门 A 子树代建页成功（owner=admin） —— HTTP 302
  [PASS] T14 · ⑥ 管理员编辑代建页成功 —— HTTP 302，修订 1->2

========================================================================
T15 · 正向 · 总管理员跨部门纠错/下线/永久删除（守卫放行）
========================================================================
  [PASS] T15 · ① 管理员跨部门编辑 B 页面成功（M-B4） —— HTTP 302，修订 1->2
  [PASS] T15 · ② 管理员下线 B 页面成功 —— HTTP 302，live=False
  [PASS] T15 · ② 下线后前台 404、内容保留 —— GET /chronicle/t16-dept-b/t16-b-live/ → 404；页面与修订在库
  [PASS] T15 · ③ 管理员单条永久删除测试数据页成功（页面与修订移出库） —— HTTP 302，页面删除=True，修订删除=True
  [PASS] T15 · ③ 管理员批量永久删除放行（镜像 T08 双路径） —— HTTP 302，2 页已删

========================================================================
T16 · 边界 · 前台/后台/角色边界（含 R3/R4 记录性核查）
========================================================================
  [PASS] T16 · ① 前置：文章已发布（live 素材就位） —— live=True
  [PASS] T16 · ① 仅已发布内容前台可见（N13） —— 实测状态码：{'live': 200, 'draft': 404, 'unpublished': 404, 'expired': 404}
  [PASS] T16 · ① 默认搜索：已发布命中、草稿/下线/到期不出现（N13） —— 四态各查一次（needle=slug）
  [PASS] T16 · ② 容器 URL 404（含 URL 直达） —— GET /chronicle/t16-dept-b/
  [PASS] T16 · ③ 容器不入 sitemap（板块页在） —— sitemap.xml 内容比对
  [PASS] T16 · ③ 容器不入前台导航（首页 HTML 无容器链接） —— 首页 HTML 比对
  [PASS] T16 · ④ 未登录访问 /admin/ 重定向登录页 —— HTTP 302 → /admin/login/?next=/admin/
  [PASS] T16 · ④ 错误凭据登录不泄露账号存在性（统一失败页） —— HTTP 200（登录页重渲染）
  [PASS] T16 · ⑤ R3 型账号（零组零权限）登录后不可达后台（N09） —— HTTP 302 → /admin/login/?next=/admin/
  [PASS] T16 · ⑤ superuser 规约在场：全程零 superuser 账号（M-G5/N10 记录性） —— is_superuser 账号数=0；守卫 break-glass 分支仅故障恢复留痕用
  [PASS] T16 · ⑥ 部门账号后台首页 200 —— GET /admin/
  [PASS] T16 · ⑥ 浏览器树根级可见项（OQ-2 记录：可见≠可操作，操作面由 T05–T13 拒绝断言为准） —— HTTP 200，titles=[]

========================================================================
T01–T16 结果汇总
========================================================================
  [PASS] T01 —— 子断言 21/21
  [PASS] T02 —— 子断言 3/3
  [PASS] T03 —— 子断言 7/7
  [PASS] T04 —— 子断言 6/6
  [PASS] T05 —— 子断言 3/3
  [PASS] T06 —— 子断言 3/3
  [PASS] T07 —— 子断言 4/4
  [PASS] T08 —— 子断言 2/2
  [PASS] T09 —— 子断言 6/6
  [PASS] T10 —— 子断言 41/41
  [PASS] T11 —— 子断言 2/2
  [PASS] T12 —— 子断言 8/8
  [PASS] T13 —— 子断言 7/7
  [PASS] T14 —— 子断言 17/17
  [PASS] T15 —— 子断言 5/5
  [PASS] T16 —— 子断言 12/12

  共 16 条用例，通过 16，失败 0
  证据 JSON：/Users/chenjunxian/orca/workspaces/peiligo/a4-3-permission-tests/t16/evidence.json

  结论：16/16 通过 —— 容器树方案（GPP+GCP+双钩子守卫）越权面验证通过。
